mode: set
github.com/ZulferDev/backtest-go/internal/optimizer/aggregator.go:21.72,26.2 1 1
github.com/ZulferDev/backtest-go/internal/optimizer/aggregator.go:29.55,31.2 1 1
github.com/ZulferDev/backtest-go/internal/optimizer/aggregator.go:34.54,36.2 1 1
github.com/ZulferDev/backtest-go/internal/optimizer/aggregator.go:39.60,40.25 1 1
github.com/ZulferDev/backtest-go/internal/optimizer/aggregator.go:40.25,42.3 1 0
github.com/ZulferDev/backtest-go/internal/optimizer/aggregator.go:45.2,46.35 2 1
github.com/ZulferDev/backtest-go/internal/optimizer/aggregator.go:46.35,51.3 1 1
github.com/ZulferDev/backtest-go/internal/optimizer/aggregator.go:54.2,54.41 1 1
github.com/ZulferDev/backtest-go/internal/optimizer/aggregator.go:54.41,56.3 1 1
github.com/ZulferDev/backtest-go/internal/optimizer/aggregator.go:59.2,59.21 1 1
github.com/ZulferDev/backtest-go/internal/optimizer/aggregator.go:59.21,61.3 1 0
github.com/ZulferDev/backtest-go/internal/optimizer/aggregator.go:63.2,64.25 2 1
github.com/ZulferDev/backtest-go/internal/optimizer/aggregator.go:64.25,66.3 1 1
github.com/ZulferDev/backtest-go/internal/optimizer/aggregator.go:68.2,68.19 1 1
github.com/ZulferDev/backtest-go/internal/optimizer/aggregator.go:78.74,79.25 1 1
github.com/ZulferDev/backtest-go/internal/optimizer/aggregator.go:79.25,81.3 1 0
github.com/ZulferDev/backtest-go/internal/optimizer/aggregator.go:83.2,86.39 3 1
github.com/ZulferDev/backtest-go/internal/optimizer/aggregator.go:86.39,89.27 2 1
github.com/ZulferDev/backtest-go/internal/optimizer/aggregator.go:90.17,91.36 1 1
github.com/ZulferDev/backtest-go/internal/optimizer/aggregator.go:92.17,93.36 1 0
github.com/ZulferDev/backtest-go/internal/optimizer/aggregator.go:94.24,95.37 1 0
github.com/ZulferDev/backtest-go/internal/optimizer/aggregator.go:96.19,97.40 1 0
github.com/ZulferDev/backtest-go/internal/optimizer/aggregator.go:98.11,99.12 1 0
github.com/ZulferDev/backtest-go/internal/optimizer/aggregator.go:102.3,103.34 2 1
github.com/ZulferDev/backtest-go/internal/optimizer/aggregator.go:107.2,107.21 1 1
github.com/ZulferDev/backtest-go/internal/optimizer/aggregator.go:107.21,109.3 1 1
github.com/ZulferDev/backtest-go/internal/optimizer/aggregator.go:111.2,111.14 1 1
github.com/ZulferDev/backtest-go/internal/optimizer/aggregator.go:115.55,116.25 1 1
github.com/ZulferDev/backtest-go/internal/optimizer/aggregator.go:116.25,118.3 1 0
github.com/ZulferDev/backtest-go/internal/optimizer/aggregator.go:120.2,129.35 4 1
github.com/ZulferDev/backtest-go/internal/optimizer/aggregator.go:129.35,130.26 1 1
github.com/ZulferDev/backtest-go/internal/optimizer/aggregator.go:130.26,132.12 2 0
github.com/ZulferDev/backtest-go/internal/optimizer/aggregator.go:135.3,142.29 7 1
github.com/ZulferDev/backtest-go/internal/optimizer/aggregator.go:142.29,144.4 1 1
github.com/ZulferDev/backtest-go/internal/optimizer/aggregator.go:147.2,147.26 1 1
github.com/ZulferDev/backtest-go/internal/optimizer/aggregator.go:147.26,153.3 5 1
github.com/ZulferDev/backtest-go/internal/optimizer/aggregator.go:155.2,155.14 1 1
github.com/ZulferDev/backtest-go/internal/optimizer/aggregator.go:172.52,191.31 16 0
github.com/ZulferDev/backtest-go/internal/optimizer/aggregator.go:191.31,200.3 1 0
github.com/ZulferDev/backtest-go/internal/optimizer/aggregator.go:202.2,202.15 1 0
github.com/ZulferDev/backtest-go/internal/optimizer/aggregator.go:206.93,208.35 2 1
github.com/ZulferDev/backtest-go/internal/optimizer/aggregator.go:208.35,209.21 1 1
github.com/ZulferDev/backtest-go/internal/optimizer/aggregator.go:209.21,211.4 1 1
github.com/ZulferDev/backtest-go/internal/optimizer/aggregator.go:213.2,213.17 1 1
github.com/ZulferDev/backtest-go/internal/optimizer/aggregator.go:217.83,218.25 1 0
github.com/ZulferDev/backtest-go/internal/optimizer/aggregator.go:218.25,220.3 1 0
github.com/ZulferDev/backtest-go/internal/optimizer/aggregator.go:222.2,225.39 3 0
github.com/ZulferDev/backtest-go/internal/optimizer/aggregator.go:225.39,226.26 1 0
github.com/ZulferDev/backtest-go/internal/optimizer/aggregator.go:226.26,227.12 1 0
github.com/ZulferDev/backtest-go/internal/optimizer/aggregator.go:230.3,231.24 2 0
github.com/ZulferDev/backtest-go/internal/optimizer/aggregator.go:231.24,234.4 2 0
github.com/ZulferDev/backtest-go/internal/optimizer/aggregator.go:237.2,237.23 1 0
github.com/ZulferDev/backtest-go/internal/optimizer/aggregator.go:237.23,239.3 1 0
github.com/ZulferDev/backtest-go/internal/optimizer/aggregator.go:241.2,241.18 1 0
github.com/ZulferDev/backtest-go/internal/optimizer/aggregator.go:245.89,246.16 1 0
github.com/ZulferDev/backtest-go/internal/optimizer/aggregator.go:247.16,248.28 1 0
github.com/ZulferDev/backtest-go/internal/optimizer/aggregator.go:249.16,250.28 1 0
github.com/ZulferDev/backtest-go/internal/optimizer/aggregator.go:251.23,252.29 1 0
github.com/ZulferDev/backtest-go/internal/optimizer/aggregator.go:253.18,254.24 1 0
github.com/ZulferDev/backtest-go/internal/optimizer/aggregator.go:255.10,256.13 1 0
github.com/ZulferDev/backtest-go/internal/optimizer/gridsearch.go:27.57,31.2 1 1
github.com/ZulferDev/backtest-go/internal/optimizer/gridsearch.go:34.57,35.24 1 1
github.com/ZulferDev/backtest-go/internal/optimizer/gridsearch.go:35.24,37.3 1 0
github.com/ZulferDev/backtest-go/internal/optimizer/gridsearch.go:40.2,40.29 1 1
github.com/ZulferDev/backtest-go/internal/optimizer/gridsearch.go:40.29,41.44 1 1
github.com/ZulferDev/backtest-go/internal/optimizer/gridsearch.go:41.44,43.4 1 1
github.com/ZulferDev/backtest-go/internal/optimizer/gridsearch.go:47.2,51.26 4 1
github.com/ZulferDev/backtest-go/internal/optimizer/gridsearch.go:55.60,56.16 1 1
github.com/ZulferDev/backtest-go/internal/optimizer/gridsearch.go:57.22,58.20 1 1
github.com/ZulferDev/backtest-go/internal/optimizer/gridsearch.go:58.20,60.4 1 1
github.com/ZulferDev/backtest-go/internal/optimizer/gridsearch.go:61.3,61.18 1 1
github.com/ZulferDev/backtest-go/internal/optimizer/gridsearch.go:61.18,63.4 1 0
github.com/ZulferDev/backtest-go/internal/optimizer/gridsearch.go:64.24,65.25 1 1
github.com/ZulferDev/backtest-go/internal/optimizer/gridsearch.go:65.25,67.4 1 0
github.com/ZulferDev/backtest-go/internal/optimizer/gridsearch.go:68.10,69.52 1 0
github.com/ZulferDev/backtest-go/internal/optimizer/gridsearch.go:71.2,71.12 1 1
github.com/ZulferDev/backtest-go/internal/optimizer/gridsearch.go:75.106,76.31 1 1
github.com/ZulferDev/backtest-go/internal/optimizer/gridsearch.go:76.31,79.29 2 1
github.com/ZulferDev/backtest-go/internal/optimizer/gridsearch.go:79.29,81.4 1 1
github.com/ZulferDev/backtest-go/internal/optimizer/gridsearch.go:82.3,83.9 2 1
github.com/ZulferDev/backtest-go/internal/optimizer/gridsearch.go:86.2,89.29 3 1
github.com/ZulferDev/backtest-go/internal/optimizer/gridsearch.go:89.29,92.3 2 1
github.com/ZulferDev/backtest-go/internal/optimizer/gridsearch.go:96.72,97.16 1 1
github.com/ZulferDev/backtest-go/internal/optimizer/gridsearch.go:98.13,99.31 1 1
github.com/ZulferDev/backtest-go/internal/optimizer/gridsearch.go:100.15,101.33 1 1
github.com/ZulferDev/backtest-go/internal/optimizer/gridsearch.go:102.24,103.18 1 1
github.com/ZulferDev/backtest-go/internal/optimizer/gridsearch.go:104.10,105.25 1 0
github.com/ZulferDev/backtest-go/internal/optimizer/gridsearch.go:110.71,112.48 2 1
github.com/ZulferDev/backtest-go/internal/optimizer/gridsearch.go:112.48,114.3 1 1
github.com/ZulferDev/backtest-go/internal/optimizer/gridsearch.go:115.2,115.15 1 1
github.com/ZulferDev/backtest-go/internal/optimizer/gridsearch.go:119.73,122.30 3 1
github.com/ZulferDev/backtest-go/internal/optimizer/gridsearch.go:122.30,124.19 2 1
github.com/ZulferDev/backtest-go/internal/optimizer/gridsearch.go:124.19,126.4 1 1
github.com/ZulferDev/backtest-go/internal/optimizer/gridsearch.go:128.2,128.15 1 1
github.com/ZulferDev/backtest-go/internal/optimizer/gridsearch.go:132.41,133.24 1 1
github.com/ZulferDev/backtest-go/internal/optimizer/gridsearch.go:133.24,135.3 1 0
github.com/ZulferDev/backtest-go/internal/optimizer/gridsearch.go:137.2,138.29 2 1
github.com/ZulferDev/backtest-go/internal/optimizer/gridsearch.go:138.29,141.3 2 1
github.com/ZulferDev/backtest-go/internal/optimizer/gridsearch.go:142.2,142.13 1 1
github.com/ZulferDev/backtest-go/internal/optimizer/gridsearch.go:146.56,147.16 1 1
github.com/ZulferDev/backtest-go/internal/optimizer/gridsearch.go:148.13,149.39 1 1
github.com/ZulferDev/backtest-go/internal/optimizer/gridsearch.go:150.15,151.51 1 0
github.com/ZulferDev/backtest-go/internal/optimizer/gridsearch.go:152.24,153.23 1 0
github.com/ZulferDev/backtest-go/internal/optimizer/gridsearch.go:154.10,155.11 1 0
github.com/ZulferDev/backtest-go/internal/optimizer/gridsearch.go:168.77,173.2 1 0
github.com/ZulferDev/backtest-go/internal/optimizer/gridsearch.go:176.59,177.24 1 0
github.com/ZulferDev/backtest-go/internal/optimizer/gridsearch.go:177.24,179.3 1 0
github.com/ZulferDev/backtest-go/internal/optimizer/gridsearch.go:183.2,185.16 3 0
github.com/ZulferDev/backtest-go/internal/optimizer/gridsearch.go:185.16,187.3 1 0
github.com/ZulferDev/backtest-go/internal/optimizer/gridsearch.go:190.2,190.35 1 0
github.com/ZulferDev/backtest-go/internal/optimizer/gridsearch.go:190.35,192.3 1 0
github.com/ZulferDev/backtest-go/internal/optimizer/gridsearch.go:194.2,194.38 1 0
github.com/ZulferDev/backtest-go/internal/optimizer/parallel.go:59.57,68.2 2 1
github.com/ZulferDev/backtest-go/internal/optimizer/parallel.go:71.36,72.33 1 0
github.com/ZulferDev/backtest-go/internal/optimizer/parallel.go:72.33,75.3 2 0
github.com/ZulferDev/backtest-go/internal/optimizer/parallel.go:79.49,82.6 2 0
github.com/ZulferDev/backtest-go/internal/optimizer/parallel.go:82.6,83.10 1 0
github.com/ZulferDev/backtest-go/internal/optimizer/parallel.go:84.23,85.10 1 0
github.com/ZulferDev/backtest-go/internal/optimizer/parallel.go:86.34,87.11 1 0
github.com/ZulferDev/backtest-go/internal/optimizer/parallel.go:87.11,89.5 1 0
github.com/ZulferDev/backtest-go/internal/optimizer/parallel.go:91.4,95.11 4 0
github.com/ZulferDev/backtest-go/internal/optimizer/parallel.go:96.33,96.33 0 0
github.com/ZulferDev/backtest-go/internal/optimizer/parallel.go:97.24,98.11 1 0
github.com/ZulferDev/backtest-go/internal/optimizer/parallel.go:105.78,117.37 4 0
github.com/ZulferDev/backtest-go/internal/optimizer/parallel.go:117.37,121.3 3 0
github.com/ZulferDev/backtest-go/internal/optimizer/parallel.go:124.2,127.25 2 0
github.com/ZulferDev/backtest-go/internal/optimizer/parallel.go:127.25,129.3 1 0
github.com/ZulferDev/backtest-go/internal/optimizer/parallel.go:132.2,133.21 2 0
github.com/ZulferDev/backtest-go/internal/optimizer/parallel.go:133.21,138.32 4 0
github.com/ZulferDev/backtest-go/internal/optimizer/parallel.go:138.32,139.21 1 0
github.com/ZulferDev/backtest-go/internal/optimizer/parallel.go:139.21,142.5 2 0
github.com/ZulferDev/backtest-go/internal/optimizer/parallel.go:142.10,142.28 1 0
github.com/ZulferDev/backtest-go/internal/optimizer/parallel.go:142.28,144.5 1 0
github.com/ZulferDev/backtest-go/internal/optimizer/parallel.go:147.3,151.20 3 0
github.com/ZulferDev/backtest-go/internal/optimizer/parallel.go:151.20,153.4 1 0
github.com/ZulferDev/backtest-go/internal/optimizer/parallel.go:159.2,160.15 2 0
github.com/ZulferDev/backtest-go/internal/optimizer/parallel.go:164.60,169.9 4 0
github.com/ZulferDev/backtest-go/internal/optimizer/parallel.go:170.27,171.13 1 0
github.com/ZulferDev/backtest-go/internal/optimizer/parallel.go:172.22,173.49 1 0
github.com/ZulferDev/backtest-go/internal/optimizer/parallel.go:178.63,180.2 1 0
github.com/ZulferDev/backtest-go/internal/optimizer/parallel.go:183.35,187.2 3 0
github.com/ZulferDev/backtest-go/internal/optimizer/parallel.go:190.37,193.2 2 0
github.com/ZulferDev/backtest-go/internal/optimizer/parallel.go:196.61,200.2 3 1
github.com/ZulferDev/backtest-go/internal/optimizer/parallel.go:202.47,206.2 3 0
github.com/ZulferDev/backtest-go/internal/optimizer/parallel.go:208.47,212.2 3 0
